
Time: 14/1/2026, 9:54:24 pm
Platform: win32
CPU: Intel(R) Core(TM) Ultra 5 225U
Total Memory: 15275.81 MB
Free Memory: 5967.80 MB
---------------------------

Time: 14/1/2026, 9:54:29 pm
Platform: win32
CPU: Intel(R) Core(TM) Ultra 5 225U
Total Memory: 15275.81 MB
Free Memory: 5962.53 MB
---------------------------

Time: 14/1/2026, 9:54:34 pm
Platform: win32
CPU: Intel(R) Core(TM) Ultra 5 225U
Total Memory: 15275.81 MB
Free Memory: 5978.95 MB
---------------------------

Time: 14/1/2026, 9:54:39 pm
Platform: win32
CPU: Intel(R) Core(TM) Ultra 5 225U
Total Memory: 15275.81 MB
Free Memory: 5973.74 MB
---------------------------

Time: 14/1/2026, 9:54:44 pm
Platform: win32
CPU: Intel(R) Core(TM) Ultra 5 225U
Total Memory: 15275.81 MB
Free Memory: 5982.70 MB
---------------------------

Time: 14/1/2026, 9:54:49 pm
Platform: win32
CPU: Intel(R) Core(TM) Ultra 5 225U
Total Memory: 15275.81 MB
Free Memory: 5979.57 MB
---------------------------

Time: 14/1/2026, 9:54:54 pm
Platform: win32
CPU: Intel(R) Core(TM) Ultra 5 225U
Total Memory: 15275.81 MB
Free Memory: 5872.13 MB
---------------------------

Time: 14/1/2026, 9:54:59 pm
Platform: win32
CPU: Intel(R) Core(TM) Ultra 5 225U
Total Memory: 15275.81 MB
Free Memory: 5849.19 MB
---------------------------

Time: 14/1/2026, 9:55:04 pm
Platform: win32
CPU: Intel(R) Core(TM) Ultra 5 225U
Total Memory: 15275.81 MB
Free Memory: 5879.39 MB
---------------------------

Time: 14/1/2026, 9:55:09 pm
Platform: win32
CPU: Intel(R) Core(TM) Ultra 5 225U
Total Memory: 15275.81 MB
Free Memory: 5883.59 MB
---------------------------

Time: 14/1/2026, 9:55:14 pm
Platform: win32
CPU: Intel(R) Core(TM) Ultra 5 225U
Total Memory: 15275.81 MB
Free Memory: 5891.14 MB
---------------------------

Time: 14/1/2026, 9:55:19 pm
Platform: win32
CPU: Intel(R) Core(TM) Ultra 5 225U
Total Memory: 15275.81 MB
Free Memory: 5884.02 MB
---------------------------
